rsm         V235       T10_W     751
rsm         V235       T10_W     822
rsm         V235       T10_W     895
rsm         V235       T10_W     898
rsm         V235       T10_W     899
rsm         V235       T11_W     893
rsm         V235       T11_W     973
rsm         V235       T11_W    1044
rsm         V235       T11_W    1046
rsm         V235       T11_W    1048
rsm         V235       T11_W    1050
rsm         V235       T11_W    1052
rsm         V235       T11_W    1054
rsm         V235       T11_W    1056
rsm         V235       T11_W    1058
rsm         V235       T11_W    1133
rsm         V235       T12_S    2244
rsm         V235       T12_S    1058
rsm         V235       T12_S    1060
rsm         V235       T12_S    1151
rsm         V235       T12_S    1152
rsm         V235       T12_S    1245
rsm         V235       T12_S    1345
rsm         V235       T12_S    1454
rsm         V235       T12_S    1571
rsm         V235       T12_S    1691
rsm         V235       T12_S    1694
rsm         V235       T12_S    1818
rsm         V235       T12_S    1952
rsm         V235       T12_S    2093
rsm         V235       T15_S    2799
rsm         V235       T15_S    3680
rsm         V235       T15_S    3235
rsm         V235       T15_S    3015
rsm         V235       T15_S    3460
rsm         V235       T15_S    3233
rsm         V235       T16_W    3670
rsm         V235       T16_W    2986
rsm         V235       T16_W    2764
rsm         V235       T16_W    3211
rsm         V235       T16_W    3440
rsm         V235       T16_W    3442
rsm         V235       T16_W    3444
rsm         V235       T16_W    3452
rsm         V235       T16_W    3454
rsm         V235       T16_W    3456
rsm         V235       T17_S    1431
rsm         V235       T17_S    1547
rsm         V235       T17_S    1322
rsm         V235       T17_S    1667
rsm         V235       T17_S    1224
rsm         V235      T18n_S    2566
rsm         V235      T18n_S    2215
rsm         V235      T18n_S    2984
rsm         V235      T18n_S    2986
rsm         V235      T18n_S    2381
rsm         V235      T18n_S    2383
rsm         V235      T18n_S    2066
rsm         V235      T18n_S    2068
rsm         V235      T18n_S    2767
rsm         V235       T18_S    2561
rsm         V235       T18_S    2210
rsm         V235       T18_S    1790
rsm         V235       T18_S    2377
rsm         V235       T18_S    1922
rsm         V235       T18_S    2062
rsm         V235       T18_S    7541
rsm         V235   T19BCDE_W    2745
rsm         V235   T19BCDE_W    2747
rsm         V235   T19BCDE_W    2749
rsm         V235   T19BCDE_W    2951
rsm         V235   T19BCDE_W    2953
rsm         V235   T19BCDE_W    2965
rsm         V235   T19BCDE_W    3151
rsm         V235   T19BCDE_W    3153
rsm         V235   T19BCDE_W    3155
rsm         V235   T19BCDE_W    3157
rsm         V235   T19BCDE_W    3159
rsm         V235   T19BCDE_W    3359
rsm         V235   T19BCDE_W    3361
rsm         V235   T19BCDE_W    3363
rsm         V235   T19BCDE_W    3365
rsm         V235   T19BCDE_W    3368
rsm         V235   T19BCDE_W    3582
rsm         V235   T19BCDE_W    3805
rsm         V235   T19BCDE_W    3807
rsm         V235   T19BCDE_W    4035
rsm         V235   T19BCDE_W    4037
rsm         V235   T19BCDE_W    4039
rsm         V235   T19BCDE_W    4287
rsm         V235   T19BCDE_W    4537
rsm         V235      T19B_W    2965
rsm         V235      T19B_W    2749
rsm         V235      T19B_W    2747
rsm         V235      T19B_W    2745
rsm         V235      T19B_W    2951
rsm         V235      T19B_W    3159
rsm         V235      T19C_W    3157
rsm         V235      T19C_W    3155
rsm         V235      T19C_W    3153
rsm         V235      T19C_W    3151
rsm         V235      T19C_W    3368
rsm         V235      T19C_W    3365
rsm         V235      T19D_W    3363
rsm         V235      T19D_W    3361
rsm         V235      T19D_W    3359
rsm         V235      T19D_W    3582
rsm         V235      T19D_W    3357
rsm         V235      T19D_W    3807
rsm         V235      T19E_W    3805
rsm         V235      T19E_W    4039
rsm         V235      T19E_W    4037
rsm         V235      T19E_W    4035
rsm         V235      T19E_W    4287
rsm         V235      T19E_W    4537
rsm         V235       T19_W    7541
rsm         V235       T19_W    2559
rsm         V235       T19_W    2757
rsm         V235       T19_W    2969
rsm         V235       T19_W    2968
rsm         V235        T1_S    4253
rsm         V235        T1_S    4255
rsm         V235        T1_S    4501
rsm         V235        T1_S    4503
rsm         V235        T1_S    3769
rsm         V235        T1_S    3319
rsm         V235        T1_S    3543
rsm         V235        T1_S    3546
rsm         V235        T1_S    3547
rsm         V235        T1_S    4003
rsm         V235       T20_W    2192
rsm         V235       T20_W    2193
rsm         V235       T20_W    1914
rsm         V235       T20_W    1916
rsm         V235       T20_W    1918
rsm         V235       T20_W    1921
rsm         V235       T20_W    1923
rsm         V235       T20_W    2048
rsm         V235       T20_W    2050
rsm         V235       T20_W    2052
rsm         V235       T21_W    2330
rsm         V235       T21_W    2332
rsm         V235       T21_W    2334
rsm         V235       T21_W    1649
rsm         V235       T21_W    1769
rsm         V235       T21_W    1533
rsm         V235       T21_W    1896
rsm         V235       T21_W    2031
rsm         V235       T21_W    2033
rsm         V235       T21_W    2175
rsm         V235       T21_W    2503
rsm         V235       T21_W    2700
rsm         V235       T21_W    2908
rsm         V235       T22_W    1222
rsm         V235       T22_W    1225
rsm         V235       T22_W    1423
rsm         V235       T22_W    1317
rsm         V235      T23a_S    3342
rsm         V235      T23a_S    3122
rsm         V235      T23a_S    2909
rsm         V235      T23a_S    3340
rsm         V235      T23A_S    3342
rsm         V235      T23A_S    3122
rsm         V235      T23A_S    2909
rsm         V235      T23A_S    3340
rsm         V235      T23b_S    3795
rsm         V235      T23b_S    4536
rsm         V235      T23b_S    3567
rsm         V235      T23b_S    4284
rsm         V235      T23b_S    4031
rsm         V235      T23B_S    3795
rsm         V235      T23B_S    4536
rsm         V235      T23B_S    3567
rsm         V235      T23B_S    4284
rsm         V235      T23B_S    4031
rsm         V235      T23c_S    5488
rsm         V235      T23c_S    5715
rsm         V235      T23c_S    5716
rsm         V235      T23c_S    4772
rsm         V235      T23c_S    5242
rsm         V235      T23c_S    5002
rsm         V235      T23C_S    5488
rsm         V235      T23C_S    5715
rsm         V235      T23C_S    5716
rsm         V235      T23C_S    4772
rsm         V235      T23C_S    5242
rsm         V235      T23C_S    5002
rsm         V235       T26_S     955
rsm         V235       T26_S    1040
rsm         V235       T26_S    1129
rsm         V235       T26_S    1130
rsm         V235       T26_S    1224
rsm         V235        T2_S    1867
rsm         V235        T2_S    2667
rsm         V235        T2_S    2871
rsm         V235        T2_S    2002
rsm         V235        T2_S    2143
rsm         V235        T2_S    2299
rsm         V235        T2_S    2476
rsm         V235        T2_S    3085
rsm         V235        T2_S    3301
rsm         V235        T4_S    2649
rsm         V235        T4_S    2650
rsm         V235        T4_S    2855
rsm         V235        T4_S    3284
rsm         V235        T4_S    2456
rsm         V235        T4_S    2457
rsm         V235        T4_S    3069
rsm         V235        T5_S     705
rsm         V235        T5_S     635
rsm         V235        T5_S     773
rsm         V235        T5_S     849
rsm         V235        T6_S     930
rsm         V235        T6_S    1865
rsm         V235        T6_S    1740
rsm         V235        T6_S    1621
rsm         V235        T6_S    1505
rsm         V235        T6_S    1013
rsm         V235        T6_S    1194
rsm         V235        T6_S    1394
rsm         V235        T6_S    1102
rsm         V235        T6_S    1289
rsm         V235        T7_S    1084
rsm         V235        T7_S     912
rsm         V235        T7_S     757
rsm         V235        T7_S     832
rsm         V235        T7_S     995
rsm         V235        T7_S    1175
rsm         V235        T7_S    1371
rsm         V235        T7_S    1268
rsm         V235        T7_S    1270
rsm         V235        T8_S    1603
rsm         V235        T8_S    2275
rsm         V235        T8_S    1483
rsm         V235        T8_S    1723
rsm         V235        T8_S    1848
rsm         V235        T8_S    1982
rsm         V235        T8_S    2123
rsm         V235        T9_W     687
rsm         V235        T9_W     688
rsm         V235        T9_W     623
rsm         V235        T9_W     625
rsm         V235        T9_W     628
rsm         V235        T9_W     630
rsm         V235        T9_W     633
rsm         V235        T9_W     635
rsm         V235        T9_W     638
rsm         V235        T9_W     753
rsm         V235        T9_W     755
rsm         V235       TE1_W    3583
rsm         V235       TE1_W    7369
rsm         V235       TE1_W    3359
rsm         V235       TE1_W    3360
rsm         V235       TE1_W    3361
rsm         V235       TE1_W    3362
rsm         V235       TE1_W    3363
rsm         V235       TE1_W    3364
rsm         V235       TE1_W    3365
rsm         V235       TE1_W    3366
rsm         V235       TE2_W    3808
rsm         V235       TE2_W    3809
rsm         V235       TE2_W    4292
rsm         V235       TE2_W    4293
rsm         V235       TE2_W    4294
rsm         V235       TE2_W    4033
rsm         V235       TE2_W    4034
rsm         V235       TE2_W    4035
rsm         V235       TE2_W    4036
rsm         V235       TE2_W    4041
rsm         V235       TE2_W    4042
rsm         V235       TE2_W    4043
rsm         V235       TE2_W    4044
rsm         V235       TE2_W    4045
rsm         V235       TE3_W    4525
rsm         V235       TE3_W    4277
rsm         V235       TE3_W    4278
rsm         V235       TE3_W    4279
rsm         V235       TE3_W    4280
rsm         V235       TE3_W    4281
rsm         V235       TE3_W    4030
rsm         V235       TE3_W    4031
rsm         V235       TE3_W    4032
rsm         V235     T-MC1_E     929
rsm         V235     T-MC1_E     931
rsm         V235     T-MC1_E     844
rsm         V235     T-MC1_E     694
rsm         V235     T-MC1_E     846
rsm         V235     T-MC1_E     766
rsm         V235      TSH1_S    3809
rsm         V235      TSH2_S    3807
rsm         V235      TSH2_S    4045
rsm         V235      TSH3_S    3136
rsm         V235      TSH3_S    3138
rsm         V235      TSH3_S    3809
rsm         V235      TSH3_S    2925
rsm         V235      TSH3_S    3356
rsm         V235      TSH3_S    3581
rsm         V235      TSH3_S    4047
rsm         V235    Twerp1_S      99
rsm         V235    Twerp1_S     101
rsm         V235    Twerp1_S     132
rsm         V235    Twerp1_S     166
rsm         V235    Twerp2_S    7392
rsm         V235    Twerp2_S    7393
rsm         V235    Twerp2_S     205
rsm         V235    Twerp2_S     251
rsm         V235    Twerp3_W     433
rsm         V235    Twerp3_W     396
rsm         V235    Twerp3_W     397
rsm         V235    Twerp3_W     473
rsm         V235    Twerp4_S     288
rsm         V235    Twerp4_S     290
rsm         V235    Twerp4_S     342
