rsm         WERP       T10_W     751
rsm         WERP       T10_W     822
rsm         WERP       T10_W     895
rsm         WERP       T10_W     898
rsm         WERP       T10_W     899
rsm         WERP       T11_W     893
rsm         WERP       T11_W     973
rsm         WERP       T11_W    1044
rsm         WERP       T11_W    1046
rsm         WERP       T11_W    1048
rsm         WERP       T11_W    1050
rsm         WERP       T11_W    1052
rsm         WERP       T11_W    1054
rsm         WERP       T11_W    1056
rsm         WERP       T11_W    1058
rsm         WERP       T11_W    1133
rsm         WERP       T12_S    7857
rsm         WERP       T12_S    1952
rsm         WERP       T12_S    1062
rsm         WERP       T12_S    1345
rsm         WERP       T12_S    1818
rsm         WERP       T12_S    1454
rsm         WERP       T12_S    1245
rsm         WERP       T12_S     983
rsm         WERP       T12_S    1571
rsm         WERP       T12_S    1691
rsm         WERP       T12_S    2244
rsm         WERP       T12_S    2093
rsm         WERP       T12_S    1694
rsm         WERP       T12_S    1152
rsm         WERP       T15_S    2799
rsm         WERP       T15_S    3680
rsm         WERP       T15_S    3235
rsm         WERP       T15_S    3015
rsm         WERP       T15_S    3460
rsm         WERP       T15_S    3233
rsm         WERP       T16_W    3670
rsm         WERP       T16_W    2986
rsm         WERP       T16_W    2764
rsm         WERP       T16_W    3211
rsm         WERP       T16_W    3440
rsm         WERP       T16_W    3442
rsm         WERP       T16_W    3444
rsm         WERP       T16_W    3452
rsm         WERP       T16_W    3454
rsm         WERP       T16_W    3456
rsm         WERP       T17_S    1063
rsm         WERP       T17_S    1322
rsm         WERP       T17_S    1431
rsm         WERP       T17_S    1547
rsm         WERP       T17_S    1667
rsm         WERP      T18n_S    2566
rsm         WERP      T18n_S    2215
rsm         WERP      T18n_S    2984
rsm         WERP      T18n_S    2986
rsm         WERP      T18n_S    2381
rsm         WERP      T18n_S    2383
rsm         WERP      T18n_S    2066
rsm         WERP      T18n_S    2068
rsm         WERP      T18n_S    2767
rsm         WERP       T18_S    2561
rsm         WERP       T18_S    2210
rsm         WERP       T18_S    1790
rsm         WERP       T18_S    2377
rsm         WERP       T18_S    1922
rsm         WERP       T18_S    2062
rsm         WERP       T18_S    7541
rsm         WERP   T19BCDE_W    2745
rsm         WERP   T19BCDE_W    2747
rsm         WERP   T19BCDE_W    2749
rsm         WERP   T19BCDE_W    2951
rsm         WERP   T19BCDE_W    2953
rsm         WERP   T19BCDE_W    2965
rsm         WERP   T19BCDE_W    3151
rsm         WERP   T19BCDE_W    3153
rsm         WERP   T19BCDE_W    3155
rsm         WERP   T19BCDE_W    3157
rsm         WERP   T19BCDE_W    3159
rsm         WERP   T19BCDE_W    3359
rsm         WERP   T19BCDE_W    3361
rsm         WERP   T19BCDE_W    3363
rsm         WERP   T19BCDE_W    3365
rsm         WERP   T19BCDE_W    3368
rsm         WERP   T19BCDE_W    3582
rsm         WERP   T19BCDE_W    3805
rsm         WERP   T19BCDE_W    3807
rsm         WERP   T19BCDE_W    4035
rsm         WERP   T19BCDE_W    4037
rsm         WERP   T19BCDE_W    4039
rsm         WERP   T19BCDE_W    4287
rsm         WERP   T19BCDE_W    4537
rsm         WERP      T19B_W    2965
rsm         WERP      T19B_W    2749
rsm         WERP      T19B_W    2747
rsm         WERP      T19B_W    2745
rsm         WERP      T19B_W    2951
rsm         WERP      T19B_W    3159
rsm         WERP      T19C_W    3157
rsm         WERP      T19C_W    3155
rsm         WERP      T19C_W    3153
rsm         WERP      T19C_W    3151
rsm         WERP      T19C_W    3368
rsm         WERP      T19C_W    3365
rsm         WERP      T19D_W    3363
rsm         WERP      T19D_W    3361
rsm         WERP      T19D_W    3359
rsm         WERP      T19D_W    3582
rsm         WERP      T19D_W    3357
rsm         WERP      T19D_W    3807
rsm         WERP     T19E1_W    3805
rsm         WERP     T19E2_W    4039
rsm         WERP     T19E3_W    4037
rsm         WERP     T19E4_W    4035
rsm         WERP     T19E5_W    4287
rsm         WERP     T19E6_W    4537
rsm         WERP      T19E_W    3805
rsm         WERP      T19E_W    4039
rsm         WERP      T19E_W    4037
rsm         WERP      T19E_W    4035
rsm         WERP      T19E_W    4287
rsm         WERP      T19E_W    4537
rsm         WERP       T19_W    7541
rsm         WERP       T19_W    2559
rsm         WERP       T19_W    2757
rsm         WERP       T19_W    2969
rsm         WERP       T19_W    2968
rsm         WERP        T1_S    4253
rsm         WERP        T1_S    4255
rsm         WERP        T1_S    4501
rsm         WERP        T1_S    4503
rsm         WERP        T1_S    3769
rsm         WERP        T1_S    3319
rsm         WERP        T1_S    3543
rsm         WERP        T1_S    3546
rsm         WERP        T1_S    3547
rsm         WERP        T1_S    4003
rsm         WERP       T20_W    2192
rsm         WERP       T20_W    2193
rsm         WERP       T20_W    1914
rsm         WERP       T20_W    1916
rsm         WERP       T20_W    1918
rsm         WERP       T20_W    1921
rsm         WERP       T20_W    1923
rsm         WERP       T20_W    2048
rsm         WERP       T20_W    2050
rsm         WERP       T20_W    2052
rsm         WERP       T21_W    2330
rsm         WERP       T21_W    2332
rsm         WERP       T21_W    2334
rsm         WERP       T21_W    1649
rsm         WERP       T21_W    1769
rsm         WERP       T21_W    1533
rsm         WERP       T21_W    1896
rsm         WERP       T21_W    2031
rsm         WERP       T21_W    2033
rsm         WERP       T21_W    2175
rsm         WERP       T21_W    2503
rsm         WERP       T21_W    2700
rsm         WERP       T21_W    2908
rsm         WERP       T22_W    1222
rsm         WERP       T22_W    1225
rsm         WERP       T22_W    1423
rsm         WERP       T22_W    1317
rsm         WERP      T23a_S    3342
rsm         WERP      T23a_S    3122
rsm         WERP      T23a_S    2909
rsm         WERP      T23a_S    3340
rsm         WERP      T23A_S    3342
rsm         WERP      T23A_S    3122
rsm         WERP      T23A_S    2909
rsm         WERP      T23A_S    3340
rsm         WERP      T23b_S    3795
rsm         WERP      T23b_S    4536
rsm         WERP      T23b_S    3567
rsm         WERP      T23b_S    4284
rsm         WERP      T23b_S    4031
rsm         WERP      T23B_S    3795
rsm         WERP      T23B_S    4536
rsm         WERP      T23B_S    3567
rsm         WERP      T23B_S    4284
rsm         WERP      T23B_S    4031
rsm         WERP      T23c_S    5488
rsm         WERP      T23c_S    5715
rsm         WERP      T23c_S    5716
rsm         WERP      T23c_S    4772
rsm         WERP      T23c_S    5242
rsm         WERP      T23c_S    5002
rsm         WERP      T23C_S    5488
rsm         WERP      T23C_S    5715
rsm         WERP      T23C_S    5716
rsm         WERP      T23C_S    4772
rsm         WERP      T23C_S    5242
rsm         WERP      T23C_S    5002
rsm         WERP       T26_S     950
rsm         WERP       T26_S    1041
rsm         WERP       T26_S    1042
rsm         WERP       T26_S    8410
rsm         WERP       T26_S    8413
rsm         WERP       T26_S    8417
rsm         WERP        T2_S    1867
rsm         WERP        T2_S    2667
rsm         WERP        T2_S    2871
rsm         WERP        T2_S    2002
rsm         WERP        T2_S    2143
rsm         WERP        T2_S    2299
rsm         WERP        T2_S    2476
rsm         WERP        T2_S    3085
rsm         WERP        T2_S    3301
rsm         WERP        T4_S    2649
rsm         WERP        T4_S    2650
rsm         WERP        T4_S    2855
rsm         WERP        T4_S    3284
rsm         WERP        T4_S    2456
rsm         WERP        T4_S    2457
rsm         WERP        T4_S    3069
rsm         WERP        T5_S     705
rsm         WERP        T5_S     635
rsm         WERP        T5_S     773
rsm         WERP        T5_S     849
rsm         WERP        T6_S     930
rsm         WERP        T6_S    1865
rsm         WERP        T6_S    1740
rsm         WERP        T6_S    1621
rsm         WERP        T6_S    1505
rsm         WERP        T6_S    1013
rsm         WERP        T6_S    1194
rsm         WERP        T6_S    1394
rsm         WERP        T6_S    1102
rsm         WERP        T6_S    1289
rsm         WERP        T7_S    1084
rsm         WERP        T7_S     912
rsm         WERP        T7_S     757
rsm         WERP        T7_S     832
rsm         WERP        T7_S     995
rsm         WERP        T7_S    1175
rsm         WERP        T7_S    1371
rsm         WERP        T7_S    1268
rsm         WERP        T7_S    1270
rsm         WERP        T8_S    1603
rsm         WERP        T8_S    2275
rsm         WERP        T8_S    1483
rsm         WERP        T8_S    1723
rsm         WERP        T8_S    1848
rsm         WERP        T8_S    1982
rsm         WERP        T8_S    2123
rsm         WERP        T9_W     687
rsm         WERP        T9_W     688
rsm         WERP        T9_W     623
rsm         WERP        T9_W     625
rsm         WERP        T9_W     628
rsm         WERP        T9_W     630
rsm         WERP        T9_W     633
rsm         WERP        T9_W     635
rsm         WERP        T9_W     638
rsm         WERP        T9_W     753
rsm         WERP        T9_W     755
rsm         WERP       TE1_W    3583
rsm         WERP       TE1_W    7369
rsm         WERP       TE1_W    3359
rsm         WERP       TE1_W    3360
rsm         WERP       TE1_W    3361
rsm         WERP       TE1_W    3362
rsm         WERP       TE1_W    3363
rsm         WERP       TE1_W    3364
rsm         WERP       TE1_W    3365
rsm         WERP       TE1_W    3366
rsm         WERP       TE2_W    3808
rsm         WERP       TE2_W    3809
rsm         WERP       TE2_W    4292
rsm         WERP       TE2_W    4293
rsm         WERP       TE2_W    4294
rsm         WERP       TE2_W    4033
rsm         WERP       TE2_W    4034
rsm         WERP       TE2_W    4035
rsm         WERP       TE2_W    4036
rsm         WERP       TE2_W    4041
rsm         WERP       TE2_W    4042
rsm         WERP       TE2_W    4043
rsm         WERP       TE2_W    4044
rsm         WERP       TE2_W    4045
rsm         WERP       TE3_W    4525
rsm         WERP       TE3_W    4277
rsm         WERP       TE3_W    4278
rsm         WERP       TE3_W    4279
rsm         WERP       TE3_W    4280
rsm         WERP       TE3_W    4281
rsm         WERP       TE3_W    4030
rsm         WERP       TE3_W    4031
rsm         WERP       TE3_W    4032
rsm         WERP     T-MC1_E     844
rsm         WERP     T-MC1_E     846
rsm         WERP     T-MC1_E     742
rsm         WERP     T-MC1_E     929
rsm         WERP     T-MC1_E     401
rsm         WERP     T-MC1_E     931
rsm         WERP      TSH1_S    3809
rsm         WERP      TSH2_S    3807
rsm         WERP      TSH2_S    4045
rsm         WERP      TSH3_S    3136
rsm         WERP      TSH3_S    3138
rsm         WERP      TSH3_S    3809
rsm         WERP      TSH3_S    2925
rsm         WERP      TSH3_S    3356
rsm         WERP      TSH3_S    3581
rsm         WERP      TSH3_S    4047
rsm         WERP      Tw10_S    7722
rsm         WERP      Tw10_S     540
rsm         WERP      Tw10_S     537
rsm         WERP      Tw10_S     495
rsm         WERP      Tw10_S    8110
rsm         WERP      Tw11_S    7687
rsm         WERP      Tw11_S    7676
rsm         WERP      Tw11_S    7865
rsm         WERP      Tw11_S     629
rsm         WERP      Tw11_S    7698
rsm         WERP      Tw12_S     670
rsm         WERP      Tw12_S    7747
rsm         WERP      Tw12_S     805
rsm         WERP      Tw13_S    7807
rsm         WERP      Tw13_S    7805
rsm         WERP      Tw14_S    7739
rsm         WERP      Tw14_S    7740
rsm         WERP      Tw14_S     695
rsm         WERP      Tw14_S     799
rsm         WERP      Tw14_S    7731
rsm         WERP      Tw14_S     801
rsm         WERP      Tw15_W     822
rsm         WERP      Tw15_W      86
rsm         WERP      Tw15_W    7869
rsm         WERP      Tw16_W    7880
rsm         WERP      Tw16_W     886
rsm         WERP      Tw16_W    7974
rsm         WERP      Tw17_W     864
rsm         WERP      Tw17_W     866
rsm         WERP      Tw17_W     788
rsm         WERP      Tw18_S    7394
rsm         WERP      Tw18_S    8258
rsm         WERP      Tw18_S    8260
rsm         WERP      Tw18_S    8407
rsm         WERP      Tw19_S     963
rsm         WERP      Tw19_S     368
rsm         WERP      Tw19_S    8419
rsm         WERP      Tw19_S    1037
rsm         WERP      Tw19_S    1042
rsm         WERP       Tw1_S    8064
rsm         WERP       Tw1_S    8160
rsm         WERP       Tw1_S    8163
rsm         WERP       Tw1_S    8167
rsm         WERP      Tw20_S    1063
rsm         WERP      Tw21_S     438
rsm         WERP      Tw21_S    8201
rsm         WERP      Tw21_S    8073
rsm         WERP      Tw22_S    8014
rsm         WERP      Tw22_S    8211
rsm         WERP      Tw22_S    8052
rsm         WERP      Tw22_S    7582
rsm         WERP      Tw23_S     512
rsm         WERP      Tw23_S    8050
rsm         WERP      Tw23_S    8127
rsm         WERP      Tw24_S     602
rsm         WERP      Tw24_S    8136
rsm         WERP      Tw24_S     604
rsm         WERP      Tw25_W     434
rsm         WERP      Tw25_W    8120
rsm         WERP      Tw25_W     468
rsm         WERP      Tw25_W    8203
rsm         WERP      Tw25_W    8128
rsm         WERP      Tw26_W     513
rsm         WERP      Tw26_W    8133
rsm         WERP      Tw26_W     514
rsm         WERP      Tw26_W    8052
rsm         WERP      Tw26_W     469
rsm         WERP      Tw27_W    8046
rsm         WERP      Tw27_W    8265
rsm         WERP      Tw27_W     662
rsm         WERP      Tw27_W     552
rsm         WERP      Tw27_W    8129
rsm         WERP      Tw28_W    8234
rsm         WERP      Tw28_W    8239
rsm         WERP      Tw28_W    8142
rsm         WERP      Tw28_W     553
rsm         WERP      Tw29_S     875
rsm         WERP      Tw29_S    7791
rsm         WERP      Tw29_S     877
rsm         WERP      Tw29_S     812
rsm         WERP      Tw29_S    8269
rsm         WERP      Tw29_S    7905
rsm         WERP       Tw2_S    8063
rsm         WERP       Tw2_S     561
rsm         WERP       Tw2_S    8068
rsm         WERP       Tw2_S    8056
rsm         WERP       Tw2_S    8057
rsm         WERP      Tw30_S    7790
rsm         WERP      Tw30_S    7892
rsm         WERP      Tw30_S     900
rsm         WERP      Tw30_S     903
rsm         WERP      Tw30_S     873
rsm         WERP      Tw31_S    1138
rsm         WERP      Tw31_S     895
rsm         WERP      Tw31_S     828
rsm         WERP      Tw31_S    7866
rsm         WERP      Tw31_S    7816
rsm         WERP      Tw31_S    7868
rsm         WERP      Tw31_S    7854
rsm         WERP      Tw32_S    7823
rsm         WERP      Tw32_S    7846
rsm         WERP      Tw32_S    1052
rsm         WERP      Tw32_S    7749
rsm         WERP      Tw32_S    7851
rsm         WERP      Tw32_S     973
rsm         WERP      Tw32_S     891
rsm         WERP      Tw33_W     900
rsm         WERP      Tw33_W    7798
rsm         WERP      Tw33_W     871
rsm         WERP      Tw33_W    7787
rsm         WERP      Tw34_W     983
rsm         WERP      Tw34_W    7899
rsm         WERP      Tw34_W    7923
rsm         WERP      Tw35_W     895
rsm         WERP      Tw35_W     896
rsm         WERP      Tw35_W    7844
rsm         WERP      Tw35_W    7811
rsm         WERP      Tw35_W    7845
rsm         WERP      Tw35_W    7814
rsm         WERP      Tw35_W    7871
rsm         WERP      Tw36_W    7859
rsm         WERP      Tw36_W    7861
rsm         WERP      Tw36_W    1047
rsm         WERP      Tw36_W     981
rsm         WERP      Tw36_W    1049
rsm         WERP      Tw36_W    7868
rsm         WERP      Tw36_W    7749
rsm         WERP      Tw36_W    7990
rsm         WERP      Tw36_W    7888
rsm         WERP      Tw36_W    1059
rsm         WERP      Tw37_S     421
rsm         WERP      Tw37_S     379
rsm         WERP      Tw37_S     419
rsm         WERP       Tw3_S    8080
rsm         WERP       Tw3_S     467
rsm         WERP       Tw3_S     469
rsm         WERP       Tw4_S    7602
rsm         WERP       Tw4_S     727
rsm         WERP       Tw4_S    1432
rsm         WERP       Tw4_S    1436
rsm         WERP       Tw4_S    1325
rsm         WERP       Tw5_S    7607
rsm         WERP       Tw5_S     345
rsm         WERP       Tw5_S    7625
rsm         WERP       Tw5_S    7632
rsm         WERP       Tw5_S    7601
rsm         WERP       Tw6_S    7929
rsm         WERP       Tw6_S    7626
rsm         WERP       Tw6_S    8036
rsm         WERP       Tw6_S    7952
rsm         WERP       Tw6_S    8039
rsm         WERP       Tw6_S     732
rsm         WERP       Tw7_S    7636
rsm         WERP       Tw7_S    7638
rsm         WERP       Tw7_S    7623
rsm         WERP       Tw7_S    7641
rsm         WERP       Tw7_S    8271
rsm         WERP       Tw7_S     722
rsm         WERP       Tw7_S    7597
rsm         WERP       Tw7_S     589
rsm         WERP       Tw8_S     491
rsm         WERP       Tw8_S     493
rsm         WERP       Tw9_W     672
rsm         WERP       Tw9_W    7745
rsm         WERP       Tw9_W    7714
rsm         WERP       Tw9_W    7716
rsm         WERP       Tw9_W      93
rsm         WERP       Tw9_W    8216
